% /var/lib/texmf/fonts/map/dvipdfm/updmap/dvipdfm_dl14.map: maintained by the script updmap.
%   Don't change this file directly. Edit texmf/web2c/updmap.cfg
%   and run updmap to recreate this file.
antpb antp antpb
antpbi antp antpbi
antpr antp antpr
antpri antp antpri
bchb8r 8r bchb8a
bchbi8r 8r bchbi8a
bchbo8r 8r bchb8a
bchr8r 8r bchr8a
bchri8r 8r bchri8a
bchro8r 8r bchr8a
cmb10 -r
cmbsy10 -r
cmbsy5 -r
cmbsy6 default cmbsy7 -r
cmbsy7 -r
cmbsy8 default cmbsy7 -r
cmbsy9 default cmbsy10 -r
cmbx10 -r
cmbx12 -r
cmbx5 -r
cmbx6 -r
cmbx7 -r
cmbx8 -r
cmbx9 -r
cmbxsl10 -r
cmbxti10 -r
cmbxti12 default cmbxti10 -r
cmbxti7 default cmbxti10 -r
cmcb10 -r
cmcbx10 -r
cmcbx12 -r
cmcbx5 -r
cmcbx6 -r
cmcbx7 -r
cmcbx8 -r
cmcbx9 -r
cmcbxsl10 default cmcbxsl1 -r
cmcbxti10 default cmcbxti1 -r
cmccsc10 -r
cmccsc8 -r
cmccsc9 -r
cmcinch default cmcinch7 -r
cmcitt10 -r
cmcsc10 -r
cmcsc8 default cmcsc10 -r
cmcsc9 default cmcsc10 -r
cmcsl10 -r
cmcsl12 -r
cmcsl8 -r
cmcsl9 -r
cmcsltt10 default cmcsltt1 -r
cmcss10 -r
cmcss12 -r
cmcss17 -r
cmcss8 -r
cmcss9 -r
cmcssbx10 default cmcssbx1 -r
cmcssdc10 default cmcssdc1 -r
cmcssi10 -r
cmcssi12 -r
cmcssi17 -r
cmcssi8 -r
cmcssi9 -r
cmcssq8 -r
cmcssqi8 -r
cmcti10 -r
cmcti12 -r
cmcti7 -r
cmcti8 -r
cmcti9 -r
cmctt10 -r
cmctt12 -r
cmctt8 -r
cmctt9 -r
cmcu10 -r
cmcyr10 -r
cmcyr12 -r
cmcyr17 -r
cmcyr5 -r
cmcyr6 -r
cmcyr7 -r
cmcyr8 -r
cmcyr9 -r
cmdunh10 -r
cmex10 -r
cmex7 default fmex7
cmex8 default fmex8
cmex9 default fmex9
cmff10 -r
cmfi10 -r
cmfib8 -r
cminch -r
cmitt10 -r
cmitt12 default cmitt10 -r
cmitt9 default cmitt10 -r
cmmi10 -r
cmmi12 -r
cmmi5 -r
cmmi6 -r
cmmi7 -r
cmmi8 -r
cmmi9 -r
cmmib10 -r
cmmib5 -r
cmmib6 default cmmib7 -r
cmmib7 -r
cmmib8 default cmmib7 -r
cmmib9 default cmmib10 -r
cmr10 -r
cmr12 -r
cmr17 -r
cmr5 -r
cmr6 -r
cmr7 -r
cmr8 -r
cmr9 -r
cmsl10 -r
cmsl12 -r
cmsl6 default cmsl8 -r
cmsl8 -r
cmsl9 -r
cmsltt10 -r
cmsltt9 default cmsltt10 -r
cmss10 -r
cmss12 -r
cmss17 -r
cmss8 -r
cmss9 -r
cmssbx10 -r
cmssbxo10 default cmssbx10 -r
cmssdc10 -r
cmssi10 -r
cmssi12 -r
cmssi17 -r
cmssi8 -r
cmssi9 -r
cmssq8 -r
cmssqi8 -r
cmsy10 -r
cmsy5 -r
cmsy6 -r
cmsy7 -r
cmsy8 -r
cmsy9 -r
cmtcsc10 -r
cmtex10 -r
cmtex8 -r
cmtex9 -r
cmti10 -r
cmti12 -r
cmti7 -r
cmti8 -r
cmti9 -r
cmtt10 -r
cmtt12 -r
cmtt8 -r
cmtt9 -r
cmu10 -r
cmvtt10 -r
cobo texnansi ucrbo8a
cob texnansi ucrb8a
com texnansi ucrr8a
contnav
coo texnansi ucrro8a
cork-anttbcap cork-anttcap anttb
cork-anttb cork-antt anttb
cork-anttbicap cork-anttcap anttbi
cork-anttbi cork-antt anttbi
cork-anttcbcap cork-anttcap anttcb
cork-anttcb cork-antt anttcb
cork-anttcbicap cork-anttcap anttcbi
cork-anttcbi cork-antt anttcbi
cork-anttclcap cork-anttcap anttcl
cork-anttcl cork-antt anttcl
cork-anttclicap cork-anttcap anttcli
cork-anttcli cork-antt anttcli
cork-anttcmcap cork-anttcap anttcm
cork-anttcm cork-antt anttcm
cork-anttcmicap cork-anttcap anttcmi
cork-anttcmi cork-antt anttcmi
cork-anttcrcap cork-anttcap anttcr
cork-anttcr cork-antt anttcr
cork-anttcricap cork-anttcap anttcri
cork-anttcri cork-antt anttcri
cork-anttlcap cork-anttcap anttl
cork-anttl cork-antt anttl
cork-anttlicap cork-anttcap anttli
cork-anttli cork-antt anttli
cork-anttmcap cork-anttcap anttm
cork-anttm cork-antt anttm
cork-anttmicap cork-anttcap anttmi
cork-anttmi cork-antt anttmi
cork-anttrcap cork-anttcap anttr
cork-anttr cork-antt anttr
cork-anttricap cork-anttcap anttri
cork-anttri cork-antt anttri
cork-lmb10 cork-lm lmb10
cork-lmbo10 cork-lm lmbo10
cork-lmbx10 cork-lm lmbx10
cork-lmbx12 cork-lm lmbx12
cork-lmbx5 cork-lm lmbx5
cork-lmbx6 cork-lm lmbx6
cork-lmbx7 cork-lm lmbx7
cork-lmbx8 cork-lm lmbx8
cork-lmbx9 cork-lm lmbx9
cork-lmbxi10 cork-lm lmbxi10
cork-lmbxo10 cork-lm lmbxo10
cork-lmcsc10 cork-lm lmcsc10
cork-lmcsco10 cork-lm lmcsco10
cork-lmr10 cork-lm lmr10
cork-lmr12 cork-lm lmr12
cork-lmr17 cork-lm lmr17
cork-lmr5 cork-lm lmr5
cork-lmr6 cork-lm lmr6
cork-lmr7 cork-lm lmr7
cork-lmr8 cork-lm lmr8
cork-lmr9 cork-lm lmr9
cork-lmri10 cork-lm lmri10
cork-lmri12 cork-lm lmri12
cork-lmri7 cork-lm lmri7
cork-lmri8 cork-lm lmri8
cork-lmri9 cork-lm lmri9
cork-lmro10 cork-lm lmro10
cork-lmro12 cork-lm lmro12
cork-lmro8 cork-lm lmro8
cork-lmro9 cork-lm lmro9
cork-lmss10 cork-lm lmss10
cork-lmss12 cork-lm lmss12
cork-lmss17 cork-lm lmss17
cork-lmss8 cork-lm lmss8
cork-lmss9 cork-lm lmss9
cork-lmssbo10 cork-lm lmssbo10
cork-lmssbx10 cork-lm lmssbx10
cork-lmssdc10 cork-lm lmssdc10
cork-lmssdo10 cork-lm lmssdo10
cork-lmsso10 cork-lm lmsso10
cork-lmsso12 cork-lm lmsso12
cork-lmsso17 cork-lm lmsso17
cork-lmsso8 cork-lm lmsso8
cork-lmsso9 cork-lm lmsso9
cork-lmssq8 cork-lm lmssq8
cork-lmssqbo8 cork-lm lmssqbo8
cork-lmssqbx8 cork-lm lmssqbx8
cork-lmssqo8 cork-lm lmssqo8
cork-lmtcsc10 cork-lm lmtcsc10
cork-lmtt10 cork-lm lmtt10
cork-lmtt12 cork-lm lmtt12
cork-lmtt8 cork-lm lmtt8
cork-lmtt9 cork-lm lmtt9
cork-lmtti10 cork-lm lmtti10
cork-lmtto10 cork-lm lmtto10
cork-lmvtt10 cork-lm lmvtt10
cork-lmvtto10 cork-lm lmvtto10
cs-anttbcap cs-anttcap anttb
cs-anttb cs-antt anttb
cs-anttbicap cs-anttcap anttbi
cs-anttbi cs-antt anttbi
cs-anttcbcap cs-anttcap anttcb
cs-anttcb cs-antt anttcb
cs-anttcbicap cs-anttcap anttcbi
cs-anttcbi cs-antt anttcbi
cs-anttclcap cs-anttcap anttcl
cs-anttcl cs-antt anttcl
cs-anttclicap cs-anttcap anttcli
cs-anttcli cs-antt anttcli
cs-anttcmcap cs-anttcap anttcm
cs-anttcm cs-antt anttcm
cs-anttcmicap cs-anttcap anttcmi
cs-anttcmi cs-antt anttcmi
cs-anttcrcap cs-anttcap anttcr
cs-anttcr cs-antt anttcr
cs-anttcricap cs-anttcap anttcri
cs-anttcri cs-antt anttcri
cs-anttlcap cs-anttcap anttl
cs-anttl cs-antt anttl
cs-anttlicap cs-anttcap anttli
cs-anttli cs-antt anttli
cs-anttmcap cs-anttcap anttm
cs-anttm cs-antt anttm
cs-anttmicap cs-anttcap anttmi
cs-anttmi cs-antt anttmi
cs-anttrcap cs-anttcap anttr
cs-anttr cs-antt anttr
cs-anttricap cs-anttcap anttri
cs-anttri cs-antt anttri
csb10
csbx10
csbx12
csbx5
csbx6
csbx7
csbx8
csbx9
csbxsl10
csbxti10
cscsc10
csdunh10
csff10
csfi10
csfib8
csinch
csitt10
csr10
csr12
csr17
csr5
csr6
csr7
csr8
csr9
cssl10
cssl12
cssl8
cssl9
cssltt10
csss10
csss12
csss17
csss8
csss9
csssbx10
csssdc10
csssi10
csssi12
csssi17
csssi8
csssi9
csssq8
csssqi8
cstcsc10
csti10
csti12
csti7
csti8
csti9
cstt10
cstt12
cstt8
cstt9
csu10
csvtt10
dgjgreek
dgjhira
dgjka
dgjkata
dgjkb
dgjkc
dgjkd
dgjke
dgjkeisen
dgjkf
dgjkg
dgjkh
dgjki
dgjkj
dgjkk
dgjkl
dgjkm
dgjkn
dgjko
dgjkp
dgjkq
dgjkr
dgjks
dgjkt
dgjku
dgjkv
dgjkw
dgjkx
dgjky
dgjkz
dgjroma
dgjrussian
dgjsy
dmjgreek
dmjhira
dmjka
dmjkata
dmjkb
dmjkc
dmjkd
dmjke
dmjkeisen
dmjkf
dmjkg
dmjkh
dmjki
dmjkj
dmjkk
dmjkl
dmjkm
dmjkn
dmjko
dmjkp
dmjkq
dmjkr
dmjks
dmjkt
dmjku
dmjkv
dmjkw
dmjkx
dmjky
dmjkz
dmjroma
dmjrussian
dmjsy
dsrom10
dsrom12
dsrom8
dsss10
dsss12
dsss8
euex10 -r
euex7 default euex10 -r
euex8 default euex10 -r
euex9 default euex10 -r
eufb10 -r
eufb5 -r
eufb6 default eufb7 -r
eufb7 -r
eufb8 default eufb7 -r
eufb9 default eufb10 -r
eufm10 -r
eufm5 -r
eufm6 default eufm7 -r
eufm7 -r
eufm8 default eufm7 -r
eufm9 default eufm10 -r
eurb10 -r
eurb5 -r
eurb6 default eurb7 -r
eurb7 -r
eurb8 default eurb7 -r
eurb9 default eurb10 -r
eurbo10 default eurb10 -r
eurm10 -r
eurm5 -r
eurm6 default eurm7 -r
eurm7 -r
eurm8 default eurm7 -r
eurm9 default eurm10 -r
eurmo10 default eurm10 -r
eusb10 -r
eusb5 -r
eusb6 default eusb7 -r
eusb7 -r
eusb8 default eusb7 -r
eusb9 default eusb10 -r
eusm10 -r
eusm5 -r
eusm6 default eusm7 -r
eusm7 -r
eusm8 default eusm7 -r
eusm9 default eusm10 -r
exp-anttb exp-antt anttb
exp-anttbi exp-antt anttbi
exp-anttcb exp-antt anttcb
exp-anttcbi exp-antt anttcbi
exp-anttcl exp-antt anttcl
exp-anttcli exp-antt anttcli
exp-anttcm exp-antt anttcm
exp-anttcmi exp-antt anttcmi
exp-anttcr exp-antt anttcr
exp-anttcri exp-antt anttcri
exp-anttl exp-antt anttl
exp-anttli exp-antt anttli
exp-anttm exp-antt anttm
exp-anttmi exp-antt anttmi
exp-anttr exp-antt anttr
exp-anttri exp-antt anttri
feybl10
feybo10
feybr10
feyml10
feymo10
feymr10
fmvr8x default marvosym
fmvri8x default marvosym
fplmb
fplmbb
fplmbi
fplmr
fplmri
greek-anttb greek-antt anttb
greek-anttbi greek-antt anttbi
greek-anttcb greek-antt anttcb
greek-anttcbi greek-antt anttcbi
greek-anttcl greek-antt anttcl
greek-anttcli greek-antt anttcli
greek-anttcm greek-antt anttcm
greek-anttcmi greek-antt anttcmi
greek-anttcr greek-antt anttcr
greek-anttcri greek-antt anttcri
greek-anttl greek-antt anttl
greek-anttli greek-antt anttli
greek-anttm greek-antt anttm
greek-anttmi greek-antt anttmi
greek-anttr greek-antt anttr
greek-anttri greek-antt anttri
hvbo texnansi uhvbo8a
hvb texnansi uhvb8a
hvo texnansi uhvro8a
hv texnansi uhvr8a
lasy10 -r
lasy5 -r
lasy6 -r
lasy7 -r
lasy8 -r
lasy9 -r
lasyb10 -r
lcircle10 default lcircle1 -r
lcirclew10 default lcirclew -r
lcmss8 -r
lcmssb8 -r
lcmssi8 -r
line10 -r
linew10 -r
logo10
logo8
logo9
logobf10
logod10
logosl10
logosl8
logosl9
manfnt
mc2jka
mc2jkb
mc2jkc
mc2jkd
mc2jke
mc2jkf
mc2jkg
mc2jkh
mc2jki
mc2jkj
mc2jkk
mc2jkl
mc2jkm
mc2jkn
mc2jko
mc2jkp
mc2jkq
mc2jkr
mc2jks
mc2jkt
mc2jku
mc2jkv
mc2jkw
mcjgreek
mcjhira
mcjka
mcjkata
mcjkb
mcjkc
mcjkd
mcjke
mcjkeisen
mcjkf
mcjkg
mcjkh
mcjki
mcjkj
mcjkk
mcjkl
mcjkm
mcjkn
mcjko
mcjkp
mcjkq
mcjkr
mcjks
mcjkt
mcjku
mcjkv
mcjkw
mcjkx
mcjky
mcjkz
mcjroma
mcjrussian
mcjsy
mr2jka
mr2jkb
mr2jkc
mr2jkd
mr2jke
mr2jkf
mr2jkg
mr2jkh
mr2jki
mr2jkj
mr2jkk
mr2jkl
mr2jkm
mr2jkn
mr2jko
mr2jkp
mr2jkq
mr2jkr
mr2jks
mr2jkt
mr2jku
mr2jkv
mr2jkw
mrjgreek
mrjhira
mrjka
mrjkata
mrjkb
mrjkc
mrjkd
mrjke
mrjkeisen
mrjkf
mrjkg
mrjkh
mrjki
mrjkj
mrjkk
mrjkl
mrjkm
mrjkn
mrjko
mrjkp
mrjkq
mrjkr
mrjks
mrjkt
mrjku
mrjkv
mrjkw
mrjkx
mrjky
mrjkz
mrjroma
mrjrussian
mrjsy
msam10 -r
msam5 -r
msam6 default msam7 -r
msam7 -r
msam8 default msam7 -r
msam9 default msam10 -r
msbm10
msbm5
msbm6 default msbm7
msbm7
msbm8 default msbm7
msbm9 default msbm10
mtex mtex blex
mtsy default blsy
omding
omsea1
omsea1b
omsea2
omsea2b
omsea3
omsea3b
omseco
omsecob
omsecobi
omsecoi
omsecx
omsecxb
omsecxbi
omsecxi
omsecy
omsecyb
omsecybi
omsecyi
omsegr
omsegrb
omsegrbi
omsegri
omseha
omsehab
omsehe
omseheb
omseip
omseipb
omseipbi
omseipi
omsela
omselab
omselabi
omselai
omseti
omsetib
pagd8r 8r uagd8a
pagdo8r 8r uagdo8a
pagk8r 8r uagk8a
pagko8r 8r uagko8a
pbkd8r 8r ubkd8a
pbkdi8r 8r ubkdi8a
pbkdo8r 8r ubkd8a
pbkl8r 8r ubkl8a
pbkli8r 8r ubkli8a
pbklo8r 8r ubkl8a
pccsc10
pcmi10
pcr10
pcr5
pcr6
pcr7
pcr8
pcr9
pcrb8r 8r ucrb8a
pcrb8y texnansi ucrb8a
pcrbo8r 8r ucrbo8a
pcrbo8y texnansi ucrbo8a
pcrr8r 8r ucrr8a
pcrr8rn 8r ucrr8a
pcrr8y texnansi ucrr8a
pcrro8r 8r ucrro8a
pcrro8y texnansi ucrro8a
pcsl10
pcslc9
pcti10
phvb8r 8r uhvb8a
phvb8rn 8r uhvb8ac
phvb8yn texnansi uhvb8ac
phvb8y texnansi uhvb8a
phvbo8r 8r uhvbo8a
phvbo8rn 8r uhvbo8ac
phvbo8yn texnansi uhvbo8ac
phvbo8y texnansi uhvbo8a
phvr8r 8r uhvr8a
phvr8rn 8r uhvr8ac
phvr8yn texnansi uhvr8ac
phvr8y texnansi uhvr8a
phvro8r 8r uhvro8a
phvro8rn 8r uhvro8ac
phvro8yn texnansi uhvro8ac
phvro8y texnansi uhvro8a
plb10 plrm plb10
plbsy10 plms plbsy10
plbx10 plrm plbx10
plbx12 plrm plbx12
plbx5 plrm plbx5
plbx6 plrm plbx6
plbx7 plrm plbx7
plbx8 plrm plbx8
plbx9 plrm plbx9
plbxsl10 plrm plbxsl10
plbxti10 plit plbxti10
plcsc10 plsc plcsc10
pldunh10 plrm pldunh10
plex10 plme plex10
plex9 plme plex9
plff10 plrm plff10
plfi10 plit plfi10
plfib8 plrm plfib8
plinch plin plinch
plitt10 plitt plitt10
plmi10 plmi plmi10
plmi12 plmi plmi12
plmi5 plmi plmi5
plmi6 plmi plmi6
plmi7 plmi plmi7
plmi8 plmi plmi8
plmi9 plmi plmi9
plmib10 plmi plmib10
plr10 plrm plr10
plr12 plrm plr12
plr17 plrm plr17
plr5 plsc plr5
plr6 plrm plr6
plr7 plrm plr7
plr8 plrm plr8
plr9 plrm plr9
plsl10 plrm plsl10
plsl12 plrm plsl12
plsl8 plrm plsl8
plsl9 plrm plsl9
plsltt10 pltt plsltt10
plss10 plrm plss10
plss12 plrm plss12
plss17 plrm plss17
plss8 plrm plss8
plss9 plrm plss9
plssbi10 plrm plssbi10
plssbx10 plrm plssbx10
plssdc10 plrm plssdc10
plssi10 plrm plssi10
plssi12 plrm plssi12
plssi17 plrm plssi17
plssi8 plrm plssi8
plssi9 plrm plssi9
plssq8 plrm plssq8
plssqi8 plrm plssqi8
plsy10 plms plsy10
plsy5 plms plsy5
plsy6 plms plsy6
plsy7 plms plsy7
plsy8 plms plsy8
plsy9 plms plsy9
pltcsc10 pltt pltcsc10
pltex10 plte pltex10
pltex8 plte pltex8
pltex9 plte pltex9
plti10 plit plti10
plti12 plit plti12
plti7 plit plti7
plti8 plit plti8
plti9 plit plti9
pltt10 pltt pltt10
pltt12 pltt pltt12
pltt8 pltt pltt8
pltt9 pltt pltt9
plu10 plit plu10
plvtt10 plrm plvtt10
pncb8r 8r uncb8a
pncbi8r 8r uncbi8a
pncbo8r 8r uncb8a
pncr8r 8r uncr8a
pncri8r 8r uncri8a
pncro8r 8r uncr8a
pplb8r 8r uplb8a
pplbi8r 8r uplbi8a
pplbij8r 8r fplbij8a
pplbj8r 8r fplbj8a
pplbo8r 8r uplb8a
pplbu8r 8r uplbi8a
pplr8r 8r uplr8a
pplr8rn 8r uplr8a
pplrc8r 8r fplrc8a
pplri8r 8r uplri8a
pplrij8r 8r fplrij8a
pplro8r 8r uplr8a
pplrr8re 8r uplr8a
pplru8r 8r uplri8a
psyr default usyr
psyro default usyr
ptmb8r 8r utmb8a
ptmb8y texnansi utmb8a
ptmbi8r 8r utmbi8a
ptmbi8y texnansi utmbi8a
ptmbo8r 8r utmb8a
ptmbo8y texnansi utmb8a
ptmr8r 8r utmr8a
ptmr8rn 8r utmr8a
ptmr8y texnansi utmr8a
ptmri8r 8r utmri8a
ptmri8y texnansi utmri8a
ptmro8r 8r utmr8a
ptmro8y texnansi utmr8a
ptmrr8re 8r utmr8a
pxbex
pxbexa
pxbmia
pxbsy
pxbsya
pxbsyb
pxbsyc
pxex
pxexa
pxmia
pxsy
pxsya
pxsyb
pxsyc
pzcmi8r 8r uzcmi8a
pzdr default uzdr
qbkbi qbk qbkbi
qbkb qbk qbkb
qbkri qbk qbkri
qbkr qbk qbkr
qcrbi qcr qcrbi
qcrb qcr qcrb
qcrri qcr qcrri
qcrr qcr qcrr
qhvbi qhv qhvbi
qhvb qhv qhvb
qhvcbi qhv qhvcbi
qhvcb qhv qhvcb
qhvcri qhv qhvcri
qhvcr qhv qhvcr
qhvri qhv qhvri
qhvr qhv qhvr
qplbi qpl qplbi
qplb qpl qplb
qplri qpl qplri
qplr qpl qplr
qtmbi qtm qtmbi
qtmb qtm qtmb
qtmri qtm qtmri
qtmr qtm qtmr
qx-anttbcap qx-anttcap anttb
qx-anttbicap qx-anttcap anttbi
qx-anttbi qx-antt anttbi
qx-anttb qx-antt anttb
qx-anttcbcap qx-anttcap anttcb
qx-anttcbicap qx-anttcap anttcbi
qx-anttcbi qx-antt anttcbi
qx-anttcb qx-antt anttcb
qx-anttclcap qx-anttcap anttcl
qx-anttclicap qx-anttcap anttcli
qx-anttcli qx-antt anttcli
qx-anttcl qx-antt anttcl
qx-anttcmcap qx-anttcap anttcm
qx-anttcmicap qx-anttcap anttcmi
qx-anttcmi qx-antt anttcmi
qx-anttcm qx-antt anttcm
qx-anttcrcap qx-anttcap anttcr
qx-anttcricap qx-anttcap anttcri
qx-anttcri qx-antt anttcri
qx-anttcr qx-antt anttcr
qx-anttlcap qx-anttcap anttl
qx-anttlicap qx-anttcap anttli
qx-anttli qx-antt anttli
qx-anttl qx-antt anttl
qx-anttmcap qx-anttcap anttm
qx-anttmicap qx-anttcap anttmi
qx-anttmi qx-antt anttmi
qx-anttm qx-antt anttm
qx-anttrcap qx-anttcap anttr
qx-anttricap qx-anttcap anttri
qx-anttri qx-antt anttri
qx-anttr qx-antt anttr
qx-lmb10 qx-lm lmb10
qx-lmbo10 qx-lm lmbo10
qx-lmbx10 qx-lm lmbx10
qx-lmbx12 qx-lm lmbx12
qx-lmbx5 qx-lm lmbx5
qx-lmbx6 qx-lm lmbx6
qx-lmbx7 qx-lm lmbx7
qx-lmbx8 qx-lm lmbx8
qx-lmbx9 qx-lm lmbx9
qx-lmbxi10 qx-lm lmbxi10
qx-lmbxo10 qx-lm lmbxo10
qx-lmcsc10 qx-lm lmcsc10
qx-lmcsco10 qx-lm lmcsco10
qx-lmr10 qx-lm lmr10
qx-lmr12 qx-lm lmr12
qx-lmr17 qx-lm lmr17
qx-lmr5 qx-lm lmr5
qx-lmr6 qx-lm lmr6
qx-lmr7 qx-lm lmr7
qx-lmr8 qx-lm lmr8
qx-lmr9 qx-lm lmr9
qx-lmri10 qx-lm lmri10
qx-lmri12 qx-lm lmri12
qx-lmri7 qx-lm lmri7
qx-lmri8 qx-lm lmri8
qx-lmri9 qx-lm lmri9
qx-lmro10 qx-lm lmro10
qx-lmro12 qx-lm lmro12
qx-lmro8 qx-lm lmro8
qx-lmro9 qx-lm lmro9
qx-lmss10 qx-lm lmss10
qx-lmss12 qx-lm lmss12
qx-lmss17 qx-lm lmss17
qx-lmss8 qx-lm lmss8
qx-lmss9 qx-lm lmss9
qx-lmssbo10 qx-lm lmssbo10
qx-lmssbx10 qx-lm lmssbx10
qx-lmssdc10 qx-lm lmssdc10
qx-lmssdo10 qx-lm lmssdo10
qx-lmsso10 qx-lm lmsso10
qx-lmsso12 qx-lm lmsso12
qx-lmsso17 qx-lm lmsso17
qx-lmsso8 qx-lm lmsso8
qx-lmsso9 qx-lm lmsso9
qx-lmssq8 qx-lm lmssq8
qx-lmssqbo8 qx-lm lmssqbo8
qx-lmssqbx8 qx-lm lmssqbx8
qx-lmssqo8 qx-lm lmssqo8
qx-lmtcsc10 qx-lmtt lmtcsc10
qx-lmtt10 qx-lmtt lmtt10
qx-lmtt12 qx-lmtt lmtt12
qx-lmtt8 qx-lmtt lmtt8
qx-lmtt9 qx-lmtt lmtt9
qx-lmtti10 qx-lmtt lmtti10
qx-lmtto10 qx-lmtt lmtto10
qx-lmvtt10 qx-lm lmvtt10
qx-lmvtto10 qx-lm lmvtto10
qzcmi qzc qzcmi
rmtmi default rblmi
rpagd 8a uagd8a
rpagdo 8a uagdo8a
rpagk 8a uagk8a
rpagko 8a uagko8a
rpbkd 8a ubkd8a
rpbkdi 8a ubkdi8a
rpbkl 8a ubkl8a
rpbkli 8a ubkli8a
rpcrb 8a ucrb8a
rpcrbo 8a ucrbo8a
rpcrr 8a ucrr8a
rpcrro 8a ucrro8a
rpcxb
rpcxbi
rpcxbsl default rpcxb
rpcxi
rpcxr
rpcxsl default rpcxr
rphvb 8a uhvb8a
rphvbo 8a uhvbo8a
rphvbon 8a uhvbo8a
rphvbrn 8a uhvb8a
rphvr 8a uhvr8a
rphvro 8a uhvro8a
rphvron 8a uhvro8a
rphvrrn 8a uhvr8a
rpncb 8a uncb8a
rpncbi 8a uncbi8a
rpncr 8a uncr8a
rpncri 8a uncri8a
rpplb 8a uplb8a
rpplbi 8a uplbi8a
rpplbu 8a uplbi8a
rpplr 8a uplr8a
rpplri 8a uplri8a
rpplro 8a uplr8a
rpplrre 8a uplr8a
rpplrrn 8a uplr8a
rpplru 8a uplri8a
rpsyr default usyr
rpsyro default usyr
rptmb 8a utmb8a
rptmbi 8a utmbi8a
rptmbo 8a utmb8a
rptmr 8a utmr8a
rptmri 8a utmri8a
rptmro 8a utmr8a
rptmrre 8a utmr8a
rptmrrn 8a utmr8a
rpxb
rpxbi
rpxbmi
rpxbsc
rpxbsl default rpxb
rpxi
rpxmi
rpxpplb 8r uplb8a
rpxpplbi 8r uplbi8a
rpxpplbo 8r uplb8a
rpxpplr 8r uplr8a
rpxpplri 8r uplri8a
rpxpplro 8r uplr8a
rpxr
rpxsc
rpxsl default rpxr
rpzcmi 8a uzcmi8a
rpzdr default uzdr
rsfs10
rsfs5
rsfs7
rtcxb
rtcxbi
rtcxbsl default rtcxb
rtcxbss
rtcxbsso default rtcxbss
rtcxi
rtcxr
rtcxsl default rtcxr
rtcxss
rtcxsssl default rtcxss
rtxb
rtxbi
rtxbmi
rtxbsc
rtxbsl default rtxb
rtxbss
rtxbsssc
rtxbsssl default rtxbss
rtxi
rtxmi
rtxphvb 8r uhvb8a
rtxphvbo 8r uhvb8a
rtxphvr 8r uhvr8a
rtxphvro 8r uhvr8a
rtxptmb 8r utmb8a
rtxptmbi 8r utmbi8a
rtxptmbo 8r utmb8a
rtxptmr 8r utmr8a
rtxptmri 8r utmri8a
rtxptmro 8r utmr8a
rtxr
rtxsc
rtxsl default rtxr
rtxss
rtxsssc
rtxsssl default rtxss
stmary10
stmary5
stmary6
stmary7
stmary8
stmary9
sy default usyr
t1xbtt
t1xbttsc
t1xbttsl default t1xbtt
t1xtt
t1xttsc
t1xttsl default t1xtt
t2a-anttbi t2a-antt anttbi
t2a-anttb t2a-antt anttb
t2a-anttcbi t2a-antt anttcbi
t2a-anttcb t2a-antt anttcb
t2a-anttcli t2a-antt anttcli
t2a-anttcl t2a-antt anttcl
t2a-anttcmi t2a-antt anttcmi
t2a-anttcm t2a-antt anttcm
t2a-anttcri t2a-antt anttcri
t2a-anttcr t2a-antt anttcr
t2a-anttli t2a-antt anttli
t2a-anttl t2a-antt anttl
t2a-anttmi t2a-antt anttmi
t2a-anttm t2a-antt anttm
t2a-anttri t2a-antt anttri
t2a-anttr t2a-antt anttr
t2b-anttbi t2b-antt anttbi
t2b-anttb t2b-antt anttb
t2b-anttcbi t2b-antt anttcbi
t2b-anttcb t2b-antt anttcb
t2b-anttcli t2b-antt anttcli
t2b-anttcl t2b-antt anttcl
t2b-anttcmi t2b-antt anttcmi
t2b-anttcm t2b-antt anttcm
t2b-anttcri t2b-antt anttcri
t2b-anttcr t2b-antt anttcr
t2b-anttli t2b-antt anttli
t2b-anttl t2b-antt anttl
t2b-anttmi t2b-antt anttmi
t2b-anttm t2b-antt anttm
t2b-anttri t2b-antt anttri
t2b-anttr t2b-antt anttr
t2c-anttbi t2c-antt anttbi
t2c-anttb t2c-antt anttb
t2c-anttcbi t2c-antt anttcbi
t2c-anttcb t2c-antt anttcb
t2c-anttcli t2c-antt anttcli
t2c-anttcl t2c-antt anttcl
t2c-anttcmi t2c-antt anttcmi
t2c-anttcm t2c-antt anttcm
t2c-anttcri t2c-antt anttcri
t2c-anttcr t2c-antt anttcr
t2c-anttli t2c-antt anttli
t2c-anttl t2c-antt anttl
t2c-anttmi t2c-antt anttmi
t2c-anttm t2c-antt anttm
t2c-anttri t2c-antt anttri
t2c-anttr t2c-antt anttr
t5-anttbcap t5-anttcap anttb
t5-anttbicap t5-anttcap anttbi
t5-anttbi t5-antt anttbi
t5-anttb t5-antt anttb
t5-anttcbcap t5-anttcap anttcb
t5-anttcbicap t5-anttcap anttcbi
t5-anttcbi t5-antt anttcbi
t5-anttcb t5-antt anttcb
t5-anttclcap t5-anttcap anttcl
t5-anttclicap t5-anttcap anttcli
t5-anttcli t5-antt anttcli
t5-anttcl t5-antt anttcl
t5-anttcmcap t5-anttcap anttcm
t5-anttcmicap t5-anttcap anttcmi
t5-anttcmi t5-antt anttcmi
t5-anttcm t5-antt anttcm
t5-anttcrcap t5-anttcap anttcr
t5-anttcricap t5-anttcap anttcri
t5-anttcri t5-antt anttcri
t5-anttcr t5-antt anttcr
t5-anttlcap t5-anttcap anttl
t5-anttlicap t5-anttcap anttli
t5-anttli t5-antt anttli
t5-anttl t5-antt anttl
t5-anttmcap t5-anttcap anttm
t5-anttmicap t5-anttcap anttmi
t5-anttmi t5-antt anttmi
t5-anttm t5-antt anttm
t5-anttrcap t5-anttcap anttr
t5-anttricap t5-anttcap anttri
t5-anttri t5-antt anttri
t5-anttr t5-antt anttr
tcxbtt
tcxbttsl default tcxbtt
tcxtt
tcxttsl default tcxtt
texnansi-anttbcap texnansi-anttcap anttb
texnansi-anttbicap texnansi-anttcap anttbi
texnansi-anttbi texnansi-antt anttbi
texnansi-anttb texnansi-antt anttb
texnansi-anttcbcap texnansi-anttcap anttcb
texnansi-anttcbicap texnansi-anttcap anttcbi
texnansi-anttcbi texnansi-antt anttcbi
texnansi-anttcb texnansi-antt anttcb
texnansi-anttclcap texnansi-anttcap anttcl
texnansi-anttclicap texnansi-anttcap anttcli
texnansi-anttcli texnansi-antt anttcli
texnansi-anttcl texnansi-antt anttcl
texnansi-anttcmcap texnansi-anttcap anttcm
texnansi-anttcmicap texnansi-anttcap anttcmi
texnansi-anttcmi texnansi-antt anttcmi
texnansi-anttcm texnansi-antt anttcm
texnansi-anttcrcap texnansi-anttcap anttcr
texnansi-anttcricap texnansi-anttcap anttcri
texnansi-anttcri texnansi-antt anttcri
texnansi-anttcr texnansi-antt anttcr
texnansi-anttlcap texnansi-anttcap anttl
texnansi-anttlicap texnansi-anttcap anttli
texnansi-anttli texnansi-antt anttli
texnansi-anttl texnansi-antt anttl
texnansi-anttmcap texnansi-anttcap anttm
texnansi-anttmicap texnansi-anttcap anttmi
texnansi-anttmi texnansi-antt anttmi
texnansi-anttm texnansi-antt anttm
texnansi-anttrcap texnansi-anttcap anttr
texnansi-anttricap texnansi-anttcap anttri
texnansi-anttri texnansi-antt anttri
texnansi-anttr texnansi-antt anttr
texnansi-lmb10 texnansi-lm lmb10
texnansi-lmbo10 texnansi-lm lmbo10
texnansi-lmbx10 texnansi-lm lmbx10
texnansi-lmbx12 texnansi-lm lmbx12
texnansi-lmbx5 texnansi-lm lmbx5
texnansi-lmbx6 texnansi-lm lmbx6
texnansi-lmbx7 texnansi-lm lmbx7
texnansi-lmbx8 texnansi-lm lmbx8
texnansi-lmbx9 texnansi-lm lmbx9
texnansi-lmbxi10 texnansi-lm lmbxi10
texnansi-lmbxo10 texnansi-lm lmbxo10
texnansi-lmcsc10 texnansi-lm lmcsc10
texnansi-lmcsco10 texnansi-lm lmcsco10
texnansi-lmr10 texnansi-lm lmr10
texnansi-lmr12 texnansi-lm lmr12
texnansi-lmr17 texnansi-lm lmr17
texnansi-lmr5 texnansi-lm lmr5
texnansi-lmr6 texnansi-lm lmr6
texnansi-lmr7 texnansi-lm lmr7
texnansi-lmr8 texnansi-lm lmr8
texnansi-lmr9 texnansi-lm lmr9
texnansi-lmri10 texnansi-lm lmri10
texnansi-lmri12 texnansi-lm lmri12
texnansi-lmri7 texnansi-lm lmri7
texnansi-lmri8 texnansi-lm lmri8
texnansi-lmri9 texnansi-lm lmri9
texnansi-lmro10 texnansi-lm lmro10
texnansi-lmro12 texnansi-lm lmro12
texnansi-lmro8 texnansi-lm lmro8
texnansi-lmro9 texnansi-lm lmro9
texnansi-lmss10 texnansi-lm lmss10
texnansi-lmss12 texnansi-lm lmss12
texnansi-lmss17 texnansi-lm lmss17
texnansi-lmss8 texnansi-lm lmss8
texnansi-lmss9 texnansi-lm lmss9
texnansi-lmssbo10 texnansi-lm lmssbo10
texnansi-lmssbx10 texnansi-lm lmssbx10
texnansi-lmssdc10 texnansi-lm lmssdc10
texnansi-lmssdo10 texnansi-lm lmssdo10
texnansi-lmsso10 texnansi-lm lmsso10
texnansi-lmsso12 texnansi-lm lmsso12
texnansi-lmsso17 texnansi-lm lmsso17
texnansi-lmsso8 texnansi-lm lmsso8
texnansi-lmsso9 texnansi-lm lmsso9
texnansi-lmssq8 texnansi-lm lmssq8
texnansi-lmssqbo8 texnansi-lm lmssqbo8
texnansi-lmssqbx8 texnansi-lm lmssqbx8
texnansi-lmssqo8 texnansi-lm lmssqo8
texnansi-lmtcsc10 texnansi-lm lmtcsc10
texnansi-lmtt10 texnansi-lm lmtt10
texnansi-lmtt12 texnansi-lm lmtt12
texnansi-lmtt8 texnansi-lm lmtt8
texnansi-lmtt9 texnansi-lm lmtt9
texnansi-lmtti10 texnansi-lm lmtti10
texnansi-lmtto10 texnansi-lm lmtto10
texnansi-lmvtt10 texnansi-lm lmvtt10
texnansi-lmvtto10 texnansi-lm lmvtto10
tibi texnansi utmbi8a
tibo texnansi utmb8a
tib texnansi utmb8a
tii texnansi utmri8a
tio texnansi utmr8a
tir texnansi utmr8a
ts1-lmb10 ts1-lm lmb10
ts1-lmbo10 ts1-lm lmbo10
ts1-lmbx10 ts1-lm lmbx10
ts1-lmbx12 ts1-lm lmbx12
ts1-lmbx5 ts1-lm lmbx5
ts1-lmbx6 ts1-lm lmbx6
ts1-lmbx7 ts1-lm lmbx7
ts1-lmbx8 ts1-lm lmbx8
ts1-lmbx9 ts1-lm lmbx9
ts1-lmbxi10 ts1-lm lmbxi10
ts1-lmbxo10 ts1-lm lmbxo10
ts1-lmcsc10 ts1-lm lmcsc10
ts1-lmcsco10 ts1-lm lmcsco10
ts1-lmr10 ts1-lm lmr10
ts1-lmr12 ts1-lm lmr12
ts1-lmr17 ts1-lm lmr17
ts1-lmr5 ts1-lm lmr5
ts1-lmr6 ts1-lm lmr6
ts1-lmr7 ts1-lm lmr7
ts1-lmr8 ts1-lm lmr8
ts1-lmr9 ts1-lm lmr9
ts1-lmri10 ts1-lm lmri10
ts1-lmri12 ts1-lm lmri12
ts1-lmri7 ts1-lm lmri7
ts1-lmri8 ts1-lm lmri8
ts1-lmri9 ts1-lm lmri9
ts1-lmro10 ts1-lm lmro10
ts1-lmro12 ts1-lm lmro12
ts1-lmro8 ts1-lm lmro8
ts1-lmro9 ts1-lm lmro9
ts1-lmss10 ts1-lm lmss10
ts1-lmss12 ts1-lm lmss12
ts1-lmss17 ts1-lm lmss17
ts1-lmss8 ts1-lm lmss8
ts1-lmss9 ts1-lm lmss9
ts1-lmssbo10 ts1-lm lmssbo10
ts1-lmssbx10 ts1-lm lmssbx10
ts1-lmssdc10 ts1-lm lmssdc10
ts1-lmssdo10 ts1-lm lmssdo10
ts1-lmsso10 ts1-lm lmsso10
ts1-lmsso12 ts1-lm lmsso12
ts1-lmsso17 ts1-lm lmsso17
ts1-lmsso8 ts1-lm lmsso8
ts1-lmsso9 ts1-lm lmsso9
ts1-lmssq8 ts1-lm lmssq8
ts1-lmssqbo8 ts1-lm lmssqbo8
ts1-lmssqbx8 ts1-lm lmssqbx8
ts1-lmssqo8 ts1-lm lmssqo8
ts1-lmtcsc10 ts1-lm lmtcsc10
ts1-lmtt10 ts1-lm lmtt10
ts1-lmtt12 ts1-lm lmtt12
ts1-lmtt8 ts1-lm lmtt8
ts1-lmtt9 ts1-lm lmtt9
ts1-lmtti10 ts1-lm lmtti10
ts1-lmtto10 ts1-lm lmtto10
ts1-lmvtt10 ts1-lm lmvtt10
ts1-lmvtto10 ts1-lm lmvtto10
txbex
txbexa
txbmia
txbsy
txbsya
txbsyb
txbsyc
txbtt
txbttsc
txbttsl default txbtt
txex
txexa
txmia
txsy
txsya
txsyb
txsyc
txtt
txttsc
txttsl default txtt
uagd8v t5 uagd8v
uagdo8v t5 uagdo8v
uagk8v t5 uagk8v
uagko8v t5 uagko8v
ubkd8v t5 ubkd8v
ubkdi8v t5 ubkdi8v
ubkdo8v t5 ubkd8v
ubkl8v t5 ubkl8v
ubkli8v t5 ubkli8v
ubklo8v t5 ubkl8v
ucrb8v t5 ucrb8v
ucrbo8v t5 ucrbo8v
ucrr8v t5 ucrr8v
ucrro8v t5 ucrro8v
uhvb8v t5 uhvb8v
uhvbo8v t5 uhvbo8v
uhvr8v t5 uhvr8v
uhvro8v t5 uhvro8v
uncb8v t5 uncb8v
uncbi8v t5 uncbi8v
uncbo8v t5 uncb8v
uncr8v t5 uncr8v
uncri8v t5 uncri8v
uncro8v t5 uncr8v
uplb8v t5 uplb8v
uplbi8v t5 uplbi8v
uplbo8v t5 uplb8v
uplr8v t5 uplr8v
uplri8v t5 uplri8v
uplro8v t5 uplr8v
utmb8v t5 utmb8v
utmbi8v t5 utmbi8v
utmbo8v t5 utmb8v
utmr8v t5 utmr8v
utmri8v t5 utmri8v
utmro8v t5 utmr8v
vnb10
vnbx10
vnbx12
vnbx5
vnbx6
vnbx7
vnbx8
vnbx9
vnbxsl10
vnbxti10
vncsc10
vndunh10
vnff10
vnfi10
vnfib8
vnitt10
vnr10
vnr12
vnr17
vnr5
vnr6
vnr7
vnr8
vnr9
vnsl10
vnsl12
vnsl8
vnsl9
vnsltt10
vnss10
vnss12
vnss17
vnss8
vnss9
vnssbx10
vnssdc10
vnssi10
vnssi12
vnssi17
vnssi8
vnssi9
vnssq8
vnssqi8
vntcsc10
vnti10
vnti12
vnti7
vnti8
vnti9
vntt10
vntt12
vntt8
vntt9
vnu10
vnvtt10
wasy10
wasy5
wasy6
wasy7
wasy8
wasy9
wasyb10
wncy-anttbi wncy-antt anttbi
wncy-anttb wncy-antt anttb
wncy-anttcbi wncy-antt anttcbi
wncy-anttcb wncy-antt anttcb
wncy-anttcli wncy-antt anttcli
wncy-anttcl wncy-antt anttcl
wncy-anttcmi wncy-antt anttcmi
wncy-anttcm wncy-antt anttcm
wncy-anttcri wncy-antt anttcri
wncy-anttcr wncy-antt anttcr
wncy-anttli wncy-antt anttli
wncy-anttl wncy-antt anttl
wncy-anttmi wncy-antt anttmi
wncy-anttm wncy-antt anttm
wncy-anttri wncy-antt anttri
wncy-anttr wncy-antt anttr
wncyb10
wncyb5 default wncyb10
wncyb6 default wncyb10
wncyb7 default wncyb10
wncyb8 default wncyb10
wncyb9 default wncyb10
wncyi10
wncyi5 default wncyi10
wncyi6 default wncyi10
wncyi7 default wncyi10
wncyi8 default wncyi10
wncyi9 default wncyi10
wncyr10
wncyr5 default wncyr10
wncyr6 default wncyr10
wncyr7 default wncyr10
wncyr8 default wncyr10
wncyr9 default wncyr10
wncysc10
wncyss10
wncyss8 default wncyss10
wncyss9 default wncyss10
xyatip10 -r
xyatip11 default xyatip10 -r
xyatip12 default xyatip10 -r
xybsql10 -r
xybtip10 -r
xybtip11 default xybtip10 -r
xybtip12 default xybtip10 -r
xycirc10 -r
xycmat10 -r
xycmat11 default xycmat10 -r
xycmat12 default xycmat10 -r
xycmbt10 -r
xycmbt11 default xycmbt10 -r
xycmbt12 default xycmbt10 -r
xydash10 -r
xyeuat10 -r
xyeuat11 default xyeuat10 -r
xyeuat12 default xyeuat10 -r
xyeubt10 -r
xyeubt11 default xyeubt10 -r
xyeubt12 default xyeubt10 -r
zd default uzdr
